#-----------------------------------------------------------
# Vivado v2024.1 (64-bit)
# SW Build 5076996 on Wed May 22 18:36:09 MDT 2024
# IP Build 5075265 on Wed May 22 21:45:21 MDT 2024
# SharedData Build 5076995 on Wed May 22 18:29:18 MDT 2024
# Start of session at: Tue Aug 20 19:55:45 2024
# Process ID: 158986
# Current directory: /home/fiak/Documents/GitHub/Basys3Pong/Basys3Pong/Basys3Pong.runs/impl_1
# Command line: vivado -log Pong.vdi -applog -product Vivado -messageDb vivado.pb -mode batch -source Pong.tcl -notrace
# Log file: /home/fiak/Documents/GitHub/Basys3Pong/Basys3Pong/Basys3Pong.runs/impl_1/Pong.vdi
# Journal file: /home/fiak/Documents/GitHub/Basys3Pong/Basys3Pong/Basys3Pong.runs/impl_1/vivado.jou
# Running On        :fiak-dell
# Platform          :Ubuntu
# Operating System  :Ubuntu 24.04 LTS
# Processor Detail  :11th Gen Intel(R) Core(TM) i5-1135G7 @ 2.40GHz
# CPU Frequency     :3331.570 MHz
# CPU Physical cores:4
# CPU Logical cores :8
# Host memory       :16501 MB
# Swap memory       :536 MB
# Total Virtual     :17037 MB
# Available Virtual :11452 MB
#-----------------------------------------------------------
source Pong.tcl -notrace
